代码      名称            档   状态                V(报表币)      V(交易币)        现价    P/V  说明
03888   金山软件          L2  ok                 23.93       27.92     24.20  0.867  ROIC·增长
00700   腾讯控股          L1  ok                392.36      457.80    425.60  0.930  ROIC·增长
09992   泡泡玛特          L4  ok                 21.97       25.63    152.70  5.958  ROIC·增长
09618   京东集团          L3  ok                 41.83       48.80    105.50  2.162  ROIC·增长
09988   阿里巴巴          L2  ok                 39.91       46.57    106.90  2.296  ROIC·增长
03690   美团            L2  rejected               —           —     74.75      —  无法估值：ROIC 口径（工作流程海外估值口径）不可算：最新报告口径 NOPAT=-31.92b ≤ 0：息税前利润非正，按现金折现无意义（A 股同规，按 §6.5.2.4 判无法估值）；旧
06862   海底捞           L4  ok                  4.94        5.76      9.91  1.719  ROIC·增长
TSM     台积电           L1  ok               1979.80      311.70    428.03  1.373  ROIC·增长
ADBE    Adobe         L2  ok                225.33      225.33    248.83  1.104  ROIC·增长
PDD     拼多多           L2  ok                235.00      139.85     77.84  0.557  ROIC·增长
MU      美光科技          L2  ok                199.80      199.80    977.41  4.892  ROIC·增长
NVDA    英伟达           L1  ok                 71.99       71.99    218.36  3.033  ROIC·增长
ASML    阿斯麦           L1  ok                354.00      409.86  1,687.43  4.117  ROIC·增长
GOOGL   谷歌-A          L1  ok                219.59      219.59    332.60  1.515  ROIC·增长
AAPL    苹果            L1  ok                149.85      149.85    326.57  2.179  ROIC·增长
DIS     迪士尼           L2  ok                 37.83       37.83    105.82  2.797  ROIC·零增长
UBER    优步            L2  ok                 38.40       38.40     72.56  1.890  ROIC·增长
GLW     康宁            L2  ok                 21.70       21.70    163.12  7.517  ROIC·增长
MSFT    微软            L1  ok                264.21      264.21    492.44  1.864  ROIC·增长
META    Meta PlatformsL1  ok                576.84      576.84    644.38  1.117  ROIC·增长
005930  三星电子          L2  unavailable            —           —269,000.00      —  无法估值：韩股无免密钥三表取数源（东财 HK F10／SEC 均不覆盖），ROIC 口径不可算；旧档案带 ~（无法估值） 仅供参考，不再作为合理估值。
000660  SK海力士         L2  unavailable            —           —1,853,000.00      —  无法估值：韩股无免密钥三表取数源（东财 HK F10／SEC 均不覆盖），ROIC 口径不可算；旧档案带 ~（无法估值） 仅供参考，不再作为合理估值。
BRK.B   伯克希尔哈撒韦       L1  keep                   —      417.10    507.00  1.216  隐含PB（金融资本型，ROIC 不适用）：金融资本型（保险浮存金＋控股）：按工作流程海外金融企业口径读取经核验的档案隐含 PB 带，不按 ROIC 重算；沿用带 375.39~458.81（隐含PB（金融资本型，ROIC
AMD     AMD           L2  ok                 17.39       17.39    503.60 28.956  ROIC·零增长
SPCX    SpaceX        L2  unavailable            —           —    148.18      —  无法估值：无 SEC 申报（无 CIK），三表不可得；旧档案带 ~（无法估值） 仅供参考，不再作为合理估值。
TSLA    特斯拉           L3  ok                 32.94       32.94    363.56 11.036  ROIC·增长
INTC    英特尔           L3  rejected               —           —    100.32      —  无法估值：ROIC 口径（工作流程海外估值口径）不可算：最新报告口径 NOPAT=-6.88b ≤ 0：息税前利润非正，按现金折现无意义（A 股同规，按 §6.5.2.4 判无法估值）；旧档
00267   中信股份          boundary_pendingkeep                   —       18.00     13.72  0.762  隐含PB（金融资本型，ROIC 不适用）：金融资本型（银行并表）：按工作流程海外金融企业口径读取经核验的档案隐含 PB 带，不按 ROIC 重算；沿用带 16.20~19.80（隐含PB（金融资本型，ROIC 不适用））。
00316   东方海外国际        boundary_pendingok                142.54      166.31    145.60  0.875  ROIC·增长
ORCL    甲骨文           L2  rejected               —           —    152.94      —  无法估值：ROIC 口径（工作流程海外估值口径）不可算：最新报告母公司权益不可得，不能以总权益替代归母权益计算每股价值；旧档案带 ~（无法估值） 仅供参考，不再作为合理估值。

写回 overseas_watchlist_valuation.csv：0 行带/方法变化，0 行证据日期/事件变化；README 已刷新当前估值节
