HK 03888 金山软件: 22 个财年＋TTM 2026-06-30，证据 2026-08-19 中报（2026H1），币种 CNY
HK 00700 腾讯控股: 25 个财年＋TTM 2026-06-30，证据 2026-08-12 中报（2026H1），币种 CNY
HK 09992 泡泡玛特: 9 个财年＋TTM 2026-06-30，证据 2026-08-20 中报（2026H1），币种 CNY
HK 09618 京东集团: 9 个财年＋TTM 2026-06-30，证据 2026-08-13 二季报（2026Q2），币种 CNY
HK 09988 阿里巴巴: 10 个财年＋TTM 2026-06-30，证据 2026-08-20 一季报（FY2027Q1），币种 CNY
HK 03690 美团: 11 个财年＋TTM 2026-06-30，证据 2026-08-28 二季报（2026Q2），币种 CNY
HK 06862 海底捞: 11 个财年＋TTM 2026-06-30，证据 2026-08-25 中报（2026H1），币种 CNY
US TSM 台积电: 11 个财年＋TTM 2026-06-30，证据 2026-07-16 二季报（2026Q2），币种 TWD
US ADBE Adobe: 19 个财年＋TTM 2026-08-28，证据 2026-09-10 三季报（FY2026Q3，官方业绩三表），币种 USD
US PDD 拼多多: 10 个财年＋TTM 2026-06-30，证据 2026-08-24 二季报（2026Q2），币种 CNY
US MU 美光科技: 17 个财年＋TTM 2026-05-28，证据 2026-06-24 三季报（FY2026Q3），币种 USD
US NVDA 英伟达: 19 个财年＋TTM 2026-07-26，证据 2026-08-26 二季报（FY2027Q2），币种 USD
US ASML 阿斯麦: 19 个财年＋TTM 2026-06-28，证据 2026-07-15 二季报（2026Q2），币种 EUR
US GOOGL 谷歌-A: 13 个财年＋TTM 2026-06-30，证据 2026-07-22 二季报（2026Q2），币种 USD
US AAPL 苹果: 19 个财年＋TTM 2026-06-27，证据 2026-07-30 三季报（FY2026Q3），币种 USD
US DIS 迪士尼: 9 个财年＋TTM 2026-06-27，证据 2026-08-05 三季报（FY2026Q3），币种 USD
US UBER 优步: 9 个财年＋TTM 2026-06-30，证据 2026-08-05 二季报（2026Q2），币种 USD
US GLW 康宁: 19 个财年＋TTM 2026-06-30，证据 2026-07-28 二季报（2026Q2），币种 USD
US MSFT 微软: 19 个财年，证据 2026-07-29 年报（FY2026），币种 USD
US META Meta Platforms: 16 个财年＋TTM 2026-06-30，证据 2026-07-29 二季报（2026Q2），币种 USD
KR 005930 三星电子: 该市场无三表取数源，不出行（清单保持无法估值）
KR 000660 SK海力士: 该市场无三表取数源，不出行（清单保持无法估值）
US BRK.B 伯克希尔哈撒韦: 19 个财年，证据 2026-03-02 年报（FY2025，截至 2025-12-31），币种 USD
US AMD AMD: 18 个财年＋TTM 2026-06-27，证据 2026-08-04 二季报（2026Q2），币种 USD
US SPCX SpaceX: 无 CIK（未上市/无申报），不出行
US TSLA 特斯拉: 17 个财年＋TTM 2026-06-30，证据 2026-07-22 二季报（2026Q2），币种 USD
US INTC 英特尔: 19 个财年＋TTM 2026-06-27，证据 2026-07-23 二季报（2026Q2），币种 USD
HK 00267 中信股份: 26 个财年，证据 2025-12-31 年报（FY2025，截至 2025-12-31），币种 CNY
HK 00316 东方海外国际: 26 个财年＋TTM 2026-06-30，证据 2026-08-27 中报（2026H1），币种 CNY
维护行补缺：TSM 2025-12-31 annual: 东财补 net_income/tci；TSM 2026-06-30 ttm: 东财补 net_income_ytd/dividends_paid_ytd/net_income；PDD 2026-06-30 ttm: 东财补 net_income_ytd/dividends_paid_ytd/net_income；ASML 2026-06-28 ttm: 东财补 net_income_ytd/dividends_paid_ytd/net_income；GLW 2026-06-30 ttm: 东财补 net_income_ytd/dividends_paid_ytd/net_income
wrote 444 rows → data/interim/overseas_valuation_fix_20260910/rebuilt_years.csv
