市场日历：INDEX_000001.csv 8,689 个交易日（1990-12-19~2026-08-07）——逐日状态生效日取可得日前一市场交易日
主体重置：4 只 ← /gpfs/scratch1/shared/zwang/mm_quant/RayKey/data/processed/entity_reset_dates.csv
三大报表：2/11 只、38 个财年
历史带重建：11 只｜报告期起点 2002-01-01｜g0=sustainable｜**分档统一为 L2**｜逐日状态生效日=prev_trading_day（可得日前一交易日，与生产当晚吸收同构）
重述前版本（OI-130）：面板行 0／三表财年 1 挂有旧版本、按可得日选用；无存档而延后可得日：面板行 0／三表财年 0
公告日封顶（OI-042，min(记录公告日, 法定截止日)）：逐季财务 250/840 行（29.8%）｜三大报表 19/39 财年（48.7%）
逐日状态已写入 /gpfs/scratch1/shared/zwang/mm_quant/RayKey/data/experiments/exp_oi196_20260921/states/OLD_build/roic_daily_raw_b2.csv（40,156 行，流式）
带已写入 /gpfs/scratch1/shared/zwang/mm_quant/RayKey/data/experiments/exp_oi196_20260921/states/OLD_build/roic_bands_b2.csv（790 行）
ROIC 口径落地路径：equity_fallback 582（94.3%）｜growth 35（5.7%）
路径分布（每只最新 ok 带，11 只；市值占比按有市值代理的 11 只算）：
  equity_fallback: 10 只（90.9%）｜市值占比 66.3%｜行业前三 制造业 6、水电煤气 1、信息技术 1
  growth: 1 只（9.1%）｜市值占比 33.7%｜行业前三 制造业 1
  退回原因：NOPAT 周期守卫·按中位（w≥0.5） 6｜OI-088 坡道/分级混合锚 29｜g 来源·capital 23｜g 来源·none 1｜g 来源·trailing 11｜季报 λ 前滚·信任度改变 3｜少数股东份额·earnings 35｜无三大报表·退回权益口径 614｜金融企业退回权益口径 83
  ⚠ **94.3% 的带没走 ROIC 口径**，本轮 A/B 主要在测剩下那部分
  名册内无三大报表缺口 → data/experiments/exp_oi196_20260921/states/OLD_build/gaps_b2.csv（空）

==============================================================================
历史带重建可行性报告｜ROE 口径=onesided_max｜g0 口径=sustainable｜N=10｜g_T=3.0%
==============================================================================
报告期 × 股票 组合 790 个：**成功 617（78%）**｜护栏拒绝 115（15%）｜输入不全 58（7%）

护栏拒绝原因分布：
    11  ROE_T=4.10% 距 g_T=3.00% 不足 2.0%
     5  ROE_T=3.13% 距 g_T=3.00% 不足 2.0%
     5  ROE_T=0.34% 距 g_T=3.00% 不足 2.0%
     4  ROE_T=4.06% 距 g_T=3.00% 不足 2.0%
     4  ROE_T=3.46% 距 g_T=3.00% 不足 2.0%
     4  ROE_T=1.10% 距 g_T=3.00% 不足 2.0%
     4  ROE_T=3.45% 距 g_T=3.00% 不足 2.0%
     4  ROE_T=1.36% 距 g_T=3.00% 不足 2.0%
     4  ROE_T=4.49% 距 g_T=3.00% 不足 2.0%
     4  ROE_T=5.00% 距 g_T=3.00% 不足 2.0%
     4  ROE_T=3.12% 距 g_T=3.00% 不足 2.0%
     4  ROE_T=3.56% 距 g_T=3.00% 不足 2.0%
     4  ROE_T=1.99% 距 g_T=3.00% 不足 2.0%
     4  ROE_T=0.83% 距 g_T=3.00% 不足 2.0%
     3  ROE_T=3.89% 距 g_T=3.00% 不足 2.0%
     3  ROE_T=0.62% 距 g_T=3.00% 不足 2.0%
     3  ROE_T=3.97% 距 g_T=3.00% 不足 2.0%
     3  ROE_T=2.30% 距 g_T=3.00% 不足 2.0%
     3  ROE_T=1.85% 距 g_T=3.00% 不足 2.0%
     2  ROE_T=2.61% 距 g_T=3.00% 不足 2.0%
     2  EPS0=-0.0210／ROE0=-2.02% 非正
     2  ROE_T=3.24% 距 g_T=3.00% 不足 2.0%
     1  EPS0=-0.0920／ROE0=-2.32% 非正
     1  EPS0=-0.0925／ROE0=-2.32% 非正
     1  EPS0=-0.0956／ROE0=-2.32% 非正
     1  EPS0=-0.0963／ROE0=-2.32% 非正
     1  ROE_T=2.88% 距 g_T=3.00% 不足 2.0%
     1  EPS0=-0.2629／ROE0=-16.19% 非正
     1  EPS0=-0.2657／ROE0=-16.19% 非正
     1  ROE_T=1.18% 距 g_T=3.00% 不足 2.0%
     1  EPS0=-0.1636／ROE0=-14.87% 非正
     1  EPS0=-0.1613／ROE0=-14.87% 非正
     1  EPS0=-0.1584／ROE0=-14.87% 非正
     1  EPS0=-0.1555／ROE0=-14.87% 非正
     1  ROE_T=0.90% 距 g_T=3.00% 不足 2.0%
     1  EPS0=-0.0211／ROE0=-2.02% 非正
     1  ROE_T=3.99% 距 g_T=3.00% 不足 2.0%
     1  EPS0=-0.2421／ROE0=-13.02% 非正
     1  EPS0=-0.2509／ROE0=-13.02% 非正
     1  EPS0=-0.2521／ROE0=-13.02% 非正
     1  EPS0=-0.2584／ROE0=-13.02% 非正
     1  ROE_T=4.63% 距 g_T=3.00% 不足 2.0%
     1  ROE_T=2.27% 距 g_T=3.00% 不足 2.0%
     1  ROE_T=0.82% 距 g_T=3.00% 不足 2.0%
     1  ROE_T=2.42% 距 g_T=3.00% 不足 2.0%
     1  EPS0=-0.0222／ROE0=-221.60% 非正
     1  ROE_T=1.30% 距 g_T=3.00% 不足 2.0%
     1  ROE_T=4.30% 距 g_T=3.00% 不足 2.0%
     1  EPS0=-2.1236／ROE0=-11.32% 非正
     1  EPS0=-2.1064／ROE0=-11.32% 非正
     1  EPS0=-2.0867／ROE0=-11.32% 非正

输入不全原因分布：
    29  BPS=None 不可用
    14  已披露年报 ROE 仅 2 年 < 要求 3 年
    10  已披露年报 ROE 仅 1 年 < 要求 3 年
     5  归一化 ROE 不可算

终值占比：中位 65%｜P10 54%｜P90 86%｜**>75% 有 168/617（27%）**
隐含 PE：中位 11.1｜最小 5.3｜最大 13.2
g0 触顶（>25%）：39/617（6%）
两种 g0 口径之差（trailing − sustainable，n=467）：中位 +1.4%｜P10 -25.3%｜P90 +73.3%
生效日晚于本期公告日（TTM 需更晚的年报，坑 2）：4/617（1%）
ROE 取数来源：eps_over_bps 37｜weightavg_ttm 545｜无 TTM ROE（归一化口径下不影响建带） 35
ROE 趋势判定（净利率同向印证后）：down 98｜up 83｜无趋势→用锚 436
按周期股拉长窗口（走势单调度<35%）：313/617（51%）
增量 ROE 的 eps_old 折算判定（OI-041）：n/a 529｜pre_adjusted 8｜raw 140
外生权益 |x|/BPS（617 条 ok 带）：中位 0.20%｜P90 6.85%｜P99 37.35%｜>5% 74｜>20% 21
BPS 股本基准 = 报告期末（送转落在期末与公告日之间且未反映）：4 条 ok 带
股本口径模式计数：|x|>5%BPS 的带 1｜|x|>5%BPS 的带（权益口径） 73｜模式·annual_row 10｜模式·annual_row（权益口径） 144｜模式·no_ref_shares（权益口径） 8｜模式·shares_eps（权益口径） 10｜模式·shares_ref 25｜模式·shares_ref（权益口径） 410｜模式·x_implausible_negative（权益口径） 10
增量 ROE(ΔEPS/ΔBPS) − 建模 ROE（n=501）：中位 -4.9%｜**低于建模 ROE 的有 321（64%）**
  ↑ 低于即说明「新投入的钱赚得不如存量」，g=ROE×b 会高估增长（外部评审第 11 点）

换带跳变 |Δln(内在价值)|（n=535）：中位 7.0%｜P90 62.8%｜最大 301.0%｜**>20% 有 164（31%）**
  ↑ 这是 OI-034「按空间排序买前十」的关键量：跳变越大，回测收益越可能来自换带时点而非价格

逐股覆盖（成功带数 / 报告期数 → 首带生效后有状态交易日 / 该区间交易日）：
  000601 韶能股份     62/98  → 5768/5767（100%）
  000738 航发控制     74/98  → 4588/4587（100%）
  002043 兔宝宝      83/91  → 4919/4918（100%）
  300315 掌趣科技     46/65  → 3014/3013（100%）
  300760 迈瑞医疗     35/40  → 1786/1785（100%）
  301039 中集车辆     25/30  → 1160/1159（100%）
  301308 江波龙      19/26  → 920/919（100%）
  600015 华夏银行     83/96  → 4889/4888（100%）
  600720 中交设计     87/98  → 5710/5709（100%）
  600745 *ST闻泰    58/98  → 5044/5043（100%）
  601966 玲珑轮胎     45/50  → 2358/2357（100%）
