市场日历：INDEX_000001.csv 8,689 个交易日（1990-12-19~2026-08-07）——逐日状态生效日取可得日前一市场交易日
主体重置：4 只 ← /gpfs/work1/0/qt15419/zwang/mm_quant/RayKey/data/processed/entity_reset_dates.csv
三大报表：2/2 只、39 个财年
历史带重建：2 只｜报告期起点 2002-01-01｜g0=sustainable｜**分档统一为 L2**｜逐日状态生效日=prev_trading_day（可得日前一交易日，与生产当晚吸收同构）
公告日封顶（OI-042，min(记录公告日, 法定截止日)）：逐季财务 47/138 行（34.1%）｜三大报表 16/39 财年（41.0%）
逐日状态已写入 /tmp/oi175_roic_daily.csv（6,243 行，流式）
带已写入 /gpfs/work1/0/qt15419/zwang/mm_quant/RayKey/data/interim/oi175_20260910/roic_bands.csv（129 行）
ROIC 口径落地路径：growth 95（100.0%）
路径分布（每只最新 ok 带，2 只；市值占比按有市值代理的 2 只算）：
  growth: 2 只（100.0%）｜市值占比 100.0%｜行业前三 制造业 2
  退回原因：NOPAT 周期守卫·按中位（w≥0.5） 16｜OI-088 坡道/分级混合锚 43｜g 来源·capital 81｜g 来源·none 20｜g 来源·trailing 8｜少数股东份额·book_fallback 7｜少数股东份额·earnings 106
  名册内无三大报表缺口 → data/interim/valuation_statement_gaps.csv（空）

==============================================================================
历史带重建可行性报告｜ROE 口径=onesided_max｜g0 口径=sustainable｜N=10｜g_T=3.0%
==============================================================================
报告期 × 股票 组合 129 个：**成功 95（74%）**｜护栏拒绝 26（20%）｜输入不全 8（6%）

护栏拒绝原因分布：
    16  薄权益
     8  少数股权请求权待核验
     1  股权价值 -0.20 ≤ 0
     1  股权价值 -0.16 ≤ 0

输入不全原因分布：
     3  已披露年报 ROE 仅 2 年 < 要求 3 年
     3  BPS=None 不可用
     2  已披露年报 ROE 仅 1 年 < 要求 3 年

终值占比：中位 73%｜P10 47%｜P90 88%｜**>75% 有 47/95（49%）**
隐含 PE：中位 8.8｜最小 2.3｜最大 17.0
g0 触顶（>25%）：0/95（0%）
生效日晚于本期公告日（TTM 需更晚的年报，坑 2）：1/95（1%）
ROE 取数来源：eps_over_bps 5｜weightavg_ttm 87｜无 TTM ROE（归一化口径下不影响建带） 3
ROE 趋势判定（净利率同向印证后）：up 24｜无趋势→用锚 71
按周期股拉长窗口（走势单调度<35%）：47/95（49%）
增量 ROE 的 eps_old 折算判定（OI-041）：n/a 67｜pre_adjusted 4｜raw 31
外生权益 |x|/BPS（95 条 ok 带）：中位 0.14%｜P90 13.42%｜P99 48.10%｜>5% 15｜>20% 6
BPS 股本基准 = 报告期末（送转落在期末与公告日之间且未反映）：2 条 ok 带
股本口径模式计数：|x|>5%BPS 的带 16｜年报间 X·结构断点重切窗口 50｜模式·annual_row 29｜模式·shares_eps 3｜模式·shares_ref 81｜薄权益守卫·拒绝 16
增量 ROE(ΔEPS/ΔBPS) − 建模 ROE（n=76）：中位 -1.3%｜**低于建模 ROE 的有 41（54%）**
  ↑ 低于即说明「新投入的钱赚得不如存量」，g=ROE×b 会高估增长（外部评审第 11 点）

换带跳变 |Δln(内在价值)|（n=82）：中位 5.3%｜P90 49.4%｜最大 90.2%｜**>20% 有 21（26%）**
  ↑ 这是 OI-034「按空间排序买前十」的关键量：跳变越大，回测收益越可能来自换带时点而非价格

逐股覆盖（成功带数 / 报告期数 → 首带生效后有状态交易日 / 该区间交易日）：
  000938 紫光股份     73/98  → 4949/5412（91%）
  300919 中伟新材     22/31  → 1294/1293（100%）
